// Jest Snapshot v1, https://goo.gl/fbAQLP

exports[`render component scanner 1`] = `
<View
  style={
    Object {
      "alignItems": "center",
      "backgroundColor": "#fff",
      "flex": 1,
      "justifyContent": "center",
    }
  }
>
  <AIRMap
    handlePanDrag={false}
    initialRegion={
      Object {
        "latitude": 39.7285,
        "latitudeDelta": 0.0922,
        "longitude": -121.8375,
        "longitudeDelta": 0.0421,
      }
    }
    onChange={[Function]}
    onLayout={[Function]}
    onMapReady={[Function]}
    onMarkerPress={[Function]}
    showsMyLocationButton={true}
    showsUserLocation={true}
    style={
      Object {
        "height": 1334,
        "width": 750,
      }
    }
  />
</View>
`;
